// Jest Snapshot v1, https://goo.gl/fbAQLP

exports[`SortingClassComponent renders bubble-sort correctly 1`] = `
<Grid
  id="container"
  stackable={true}
>
  <GridRow>
    <GridColumn
      width={3}
    >
      <h1>
        Bubble Sort
      </h1>
      <p>
        <span>
          Worst Time: 
        </span>
        <span>
          O(n^2)
        </span>
        <br />
        <span>
          Avg. Time: 
        </span>
        <span>
          O(n^2)
        </span>
        <br />
        <span>
          Best Time: 
        </span>
        <span>
          O(n)
        </span>
        <br />
        <span>
          Space: 
        </span>
        <span>
          O(n)
        </span>
      </p>
    </GridColumn>
    <GridColumn
      width={13}
    >
      <Button
        as="button"
        content="Play"
        disabled={false}
        icon="play"
        id="playBtn"
        onClick={[Function]}
      />
      <Button
        as="button"
        content="Reset"
        icon="repeat"
        id="resetBtn"
        onClick={[Function]}
      />
       Speed: 
      <input
        id="speedSlider"
        max={100}
        min={0}
        onChange={[Function]}
        type="range"
        value={100}
      />
      100%
      <br />
      <br />
      <ForwardRef
        height={2.2916666666666665}
        key="0"
        num={20}
      />
      <ForwardRef
        height={2.2916666666666665}
        key="1"
        num={64}
      />
      <ForwardRef
        height={2.2916666666666665}
        key="2"
        num={23}
      />
      <ForwardRef
        height={2.2916666666666665}
        key="3"
        num={35}
      />
      <ForwardRef
        height={2.2916666666666665}
        key="4"
        num={35}
      />
      <ForwardRef
        height={2.2916666666666665}
        key="5"
        num={75}
      />
      <ForwardRef
        height={2.2916666666666665}
        key="6"
        num={34}
      />
      <ForwardRef
        height={2.2916666666666665}
        key="7"
        num={69}
      />
      <ForwardRef
        height={2.2916666666666665}
        key="8"
        num={76}
      />
      <ForwardRef
        height={2.2916666666666665}
        key="9"
        num={57}
      />
      <ForwardRef
        height={2.2916666666666665}
        key="10"
        num={9}
      />
      <ForwardRef
        height={2.2916666666666665}
        key="11"
        num={67}
      />
      <ForwardRef
        height={2.2916666666666665}
        key="12"
        num={33}
      />
      <ForwardRef
        height={2.2916666666666665}
        key="13"
        num={58}
      />
      <ForwardRef
        height={2.2916666666666665}
        key="14"
        num={7}
      />
      <ForwardRef
        height={2.2916666666666665}
        key="15"
        num={27}
      />
      <ForwardRef
        height={2.2916666666666665}
        key="16"
        num={22}
      />
      <ForwardRef
        height={2.2916666666666665}
        key="17"
        num={56}
      />
      <ForwardRef
        height={2.2916666666666665}
        key="18"
        num={37}
      />
      <ForwardRef
        height={2.2916666666666665}
        key="19"
        num={5}
      />
      <ForwardRef
        height={2.2916666666666665}
        key="20"
        num={79}
      />
      <ForwardRef
        height={2.2916666666666665}
        key="21"
        num={36}
      />
      <ForwardRef
        height={2.2916666666666665}
        key="22"
        num={46}
      />
      <ForwardRef
        height={2.2916666666666665}
        key="23"
        num={65}
      />
    </GridColumn>
  </GridRow>
</Grid>
`;
